  Determining projects to restore...
  All projects are up-to-date for restore.
  WikiWikiWorld.Database -> E:\source\WikiWikiWorld\src\WikiWikiWorld.Database\bin\Debug\net10.0\WikiWikiWorld.Database.dll
  WikiWikiWorld.Data -> E:\source\WikiWikiWorld\src\WikiWikiWorld.Data\bin\Debug\net10.0\WikiWikiWorld.Data.dll
E:\source\WikiWikiWorld\src\WikiWikiWorld.Web\MarkDigExtensions\DownloadsBox.cs(8,7): warning CS0105: The using directive for 'Markdig' appeared previously in this namespace [E:\source\WikiWikiWorld\src\WikiWikiWorld.Web\WikiWikiWorld.Web.csproj]
E:\source\WikiWikiWorld\src\WikiWikiWorld.Web\MarkDigExtensions\DownloadsBox.cs(9,7): warning CS0105: The using directive for 'Markdig.Parsers' appeared previously in this namespace [E:\source\WikiWikiWorld\src\WikiWikiWorld.Web\WikiWikiWorld.Web.csproj]
E:\source\WikiWikiWorld\src\WikiWikiWorld.Web\MarkDigExtensions\DownloadsBox.cs(10,7): warning CS0105: The using directive for 'Markdig.Renderers' appeared previously in this namespace [E:\source\WikiWikiWorld\src\WikiWikiWorld.Web\WikiWikiWorld.Web.csproj]
E:\source\WikiWikiWorld\src\WikiWikiWorld.Web\MarkDigExtensions\DownloadsBox.cs(11,7): warning CS0105: The using directive for 'Markdig.Renderers.Html' appeared previously in this namespace [E:\source\WikiWikiWorld\src\WikiWikiWorld.Web\WikiWikiWorld.Web.csproj]
E:\source\WikiWikiWorld\src\WikiWikiWorld.Web\MarkDigExtensions\DownloadsBox.cs(12,7): warning CS0105: The using directive for 'Markdig.Syntax' appeared previously in this namespace [E:\source\WikiWikiWorld\src\WikiWikiWorld.Web\WikiWikiWorld.Web.csproj]
E:\source\WikiWikiWorld\src\WikiWikiWorld.Web\MarkDigExtensions\Image.cs(182,42): error CS0246: The type or namespace name 'MarkdownDocument' could not be found (are you missing a using directive or an assembly reference?) [E:\source\WikiWikiWorld\src\WikiWikiWorld.Web\WikiWikiWorld.Web.csproj]

Build FAILED.

E:\source\WikiWikiWorld\src\WikiWikiWorld.Web\MarkDigExtensions\DownloadsBox.cs(8,7): warning CS0105: The using directive for 'Markdig' appeared previously in this namespace [E:\source\WikiWikiWorld\src\WikiWikiWorld.Web\WikiWikiWorld.Web.csproj]
E:\source\WikiWikiWorld\src\WikiWikiWorld.Web\MarkDigExtensions\DownloadsBox.cs(9,7): warning CS0105: The using directive for 'Markdig.Parsers' appeared previously in this namespace [E:\source\WikiWikiWorld\src\WikiWikiWorld.Web\WikiWikiWorld.Web.csproj]
E:\source\WikiWikiWorld\src\WikiWikiWorld.Web\MarkDigExtensions\DownloadsBox.cs(10,7): warning CS0105: The using directive for 'Markdig.Renderers' appeared previously in this namespace [E:\source\WikiWikiWorld\src\WikiWikiWorld.Web\WikiWikiWorld.Web.csproj]
E:\source\WikiWikiWorld\src\WikiWikiWorld.Web\MarkDigExtensions\DownloadsBox.cs(11,7): warning CS0105: The using directive for 'Markdig.Renderers.Html' appeared previously in this namespace [E:\source\WikiWikiWorld\src\WikiWikiWorld.Web\WikiWikiWorld.Web.csproj]
E:\source\WikiWikiWorld\src\WikiWikiWorld.Web\MarkDigExtensions\DownloadsBox.cs(12,7): warning CS0105: The using directive for 'Markdig.Syntax' appeared previously in this namespace [E:\source\WikiWikiWorld\src\WikiWikiWorld.Web\WikiWikiWorld.Web.csproj]
E:\source\WikiWikiWorld\src\WikiWikiWorld.Web\MarkDigExtensions\Image.cs(182,42): error CS0246: The type or namespace name 'MarkdownDocument' could not be found (are you missing a using directive or an assembly reference?) [E:\source\WikiWikiWorld\src\WikiWikiWorld.Web\WikiWikiWorld.Web.csproj]
    5 Warning(s)
    1 Error(s)

Time Elapsed 00:00:02.41
